// Jest Snapshot v1, https://goo.gl/fbAQLP

exports[`expect to take a snapshot 1`] = `
<h1>
  Loading
</h1>
`;
