// Jest Snapshot v1, https://goo.gl/fbAQLP

exports[`expect to take a snapshot 1`] = `
<div
  class="bg-light-green dib br3 pa3 ma2 grow bw2 shadow-5"
>
  <img
    alt="robots"
    src="https://robohash.org/undefinedtest?size=300x300"
  />
  <div>
    <h2 />
    <p />
  </div>
</div>
`;
